====================
====================
====================
====================
====================
====================
====================
====================
==S**********.....==
============*=======
============*=======
============*=======
============*=======
============E=======
====================
====================
====================
====================
====================
====================
Movement Directions
East
East
East
East
East
East
East
East
East
East
South
South
South
South
