====================
====================
====================
====================
====================
====================
====================
====================
====================
====================
===S=E***********===
===*============*===
===*============*===
===*============*===
===*============*===
===*============*===
===*============*===
===**************===
====================
====================
Movement Directions
South
South
South
South
South
South
South
East
East
East
East
East
East
East
East
East
East
East
East
East
North
North
North
North
North
North
North
West
West
West
West
West
West
West
West
West
West
