====================
====================
====================
====================
========S===========
========*===========
========*===========
========*===========
========*===========
========*===========
========*===========
==E******===========
========.===========
========.===========
========.===========
====================
====================
====================
====================
====================
Movement Directions
South
South
South
South
South
South
South
West
West
West
West
West
West
