====================
====================
====================
====================
==.....=============
======.=============
======.=============
======.=============
======S=============
======*=============
======*=============
======*=============
======*=============
======E=============
====================
====================
====================
====================
====================
====================
Movement Directions
South
South
South
South
