======.......=======
====.=======.....===
====.........=======
====.=========*E====
==**********==*=.===
==*===.====*==*=.===
==*==....==*==*=...=
==*========*==*===.=
==*=***====*==***=.=
==*=*=*====*====*=.=
==*=*=******====*=.=
==*=*===========*=.=
==*=*===........*=.=
==S=*===.=======*=.=
====*====********=.=
====*====*===.====.=
====*====*===.==...=
====******===.====.=
=============.====.=
=============.......
Movement Directions
North
North
North
North
North
North
North
North
North
East
East
East
East
East
East
East
East
East
South
South
South
South
South
South
West
West
West
West
West
North
North
West
West
South
South
South
South
South
South
South
South
South
East
East
East
East
East
North
North
North
East
East
East
East
East
East
East
North
North
North
North
North
North
West
West
North
North
North
North
North
East
