====================
S********===========
========*===========
=...***=*===========
==.=*=***===========
=..=**=.============
=====*==.===========
=====*...===========
=====*==.===========
=====*==.===========
=====*==.===========
=====*==.===========
=====*==.===========
=====*==.===========
=====*==.===========
=====*==.===========
=====*==.===========
=====*==.===========
=====*==.===========
=====E==============
Movement Directions
East
East
East
East
East
East
East
East
South
South
South
West
West
North
West
West
South
South
East
South
South
South
South
South
South
South
South
South
South
South
South
South
South
